9  3  83  9  2  0  1  65  2  822  9  11  22  3  3  3  47  
0  1  2  2  3  3  3  3  9  9  9  11  22  47  65  83  822  
